Autoboot in 0 seconds
** File not found ubootefi.var **
Failed to load EFI variables
USB EHCI 1.10
Bus usb@7d000000: 1 USB Device(s) found
** Booting bootflow 'sdhci@700b0400.bootdev.part_1' with extlinux
boot prev kernel
1:      postmarketOS
Enter choice: 1:        postmarketOS
Retrieving file: /vmlinuz
Retrieving file: /initramfs
append: pmos_boot_uuid=e6658045-714a-4d73-8df3-ea06d7a3a371 pmos_root_uuid=f6ce1f48-1bf1-4ec6-a2a6-0b61b809eda4 pmos_rootfsopts=defaults
Retrieving file: /tegra124-xiaomi-mocha.dtb
Kernel image @ 0x82000000 [ 0x000000 - 0x9075c0 ]
## Flattened Device Tree blob at 83000000
   Booting using the fdt blob at 0x83000000
Working FDT set to 83000000
   Using Device Tree in place at 83000000, end 8300d164
Working FDT set to 83000000

Starting kernel ...

[    0.000000] Booting Linux on physical CPU 0x0
[    0.000000] Linux version 6.15.1 (pmos@sakuranyan-ubuntu) (armv7-alpine-linux-musleabihf-gcc (Alpine 14.3.0) 14.3.0, GNU ld (GNU Binutils) 2.42) #1 SMP PREEMPT Fri Jun 20 15:23:39 UTC 2025
[    0.000000] CPU: ARMv7 Processor [413fc0f3] revision 3 (ARMv7), cr=10c5387d
[    0.000000] CPU: div instructions available: patching division code
[    0.000000] CPU: PIPT / VIPT nonaliasing data cache, PIPT instruction cache
[    0.000000] OF: fdt: Machine model: Xiaomi Mi Pad A0101
[    0.000000] Memory policy: Data cache writealloc
[    0.000000] cma: Reserved 64 MiB at 0xbc000000
[    0.000000] Zone ranges:
[    0.000000]   Normal   [mem 0x0000000080000000-0x00000000afffffff]
[    0.000000]   HighMem  [mem 0x00000000b0000000-0x00000000bfffffff]
[    0.000000] Movable zone start for each node
[    0.000000] Early memory node ranges
[    0.000000]   node   0: [mem 0x0000000080000000-0x00000000bfffffff]
[    0.000000] Initmem setup node 0 [mem 0x0000000080000000-0x00000000bfffffff]
[    0.000000] OF: reserved mem: Reserved memory: No reserved-memory node in the DT
[    0.000000] percpu: Embedded 17 pages/cpu s40012 r8192 d21428 u69632
[    0.000000] Kernel command line: pmos_boot_uuid=e6658045-714a-4d73-8df3-ea06d7a3a371 pmos_root_uuid=f6ce1f48-1bf1-4ec6-a2a6-0b61b809eda4 pmos_rootfsopts=defaults
[    0.000000] Unknown kernel command line parameters "pmos_boot_uuid=e6658045-714a-4d73-8df3-ea06d7a3a371 pmos_root_uuid=f6ce1f48-1bf1-4ec6-a2a6-0b61b809eda4 pmos_rootfsopts=defaults", will be passed to user space.
[    0.000000] printk: log buffer data + meta data: 131072 + 409600 = 540672 bytes
[    0.000000] Dentry cache hash table entries: 131072 (order: 7, 524288 bytes, linear)
[    0.000000] Inode-cache hash table entries: 65536 (order: 6, 262144 bytes, linear)
[    0.000000] Built 1 zonelists, mobility grouping on.  Total pages: 262144
[    0.000000] mem auto-init: stack:all(zero), heap alloc:off, heap free:off
[    0.000000] SLUB: HWalign=64, Order=0-3, MinObjects=0, CPUs=4, Nodes=1
[    0.000000] rcu: Preemptible hierarchical RCU implementation.
[    0.000000] rcu:     RCU event tracing is enabled.
[    0.000000]  Trampoline variant of Tasks RCU enabled.
[    0.000000]  Tracing variant of Tasks RCU enabled.
[    0.000000] rcu: RCU calculated value of scheduler-enlistment delay is 10 jiffies.
[    0.000000] RCU Tasks: Setting shift to 2 and lim to 1 rcu_task_cb_adjust=1 rcu_task_cpu_ids=4.
[    0.000000] RCU Tasks Trace: Setting shift to 2 and lim to 1 rcu_task_cb_adjust=1 rcu_task_cpu_ids=4.
[    0.000000] NR_IRQS: 16, nr_irqs: 16, preallocated irqs: 16
[    0.000000] /interrupt-controller@60004000: 160 interrupts forwarded to /interrupt-controller@50041000
[    0.000000] rcu: srcu_init: Setting srcu_struct sizes based on contention.
[    0.000000] tegra124_clk_register_emc: no memory timings registered
[    0.000000] clocksource: tegra_suspend_timer: mask: 0xffffffff max_cycles: 0xffffffff, max_idle_ns: 1911260446275000 ns
[    0.000000] arch_timer: cp15 timer(s) running at 12.00MHz (virt).
[    0.000000] clocksource: arch_sys_counter: mask: 0xffffffffffffff max_cycles: 0x2c47f4ee7, max_idle_ns: 440795202497 ns
[    0.000003] sched_clock: 56 bits at 12MHz, resolution 83ns, wraps every 4398046511096ns
[    0.000021] Switching to timer-based delay loop, resolution 83ns
[    0.000350] Console: colour dummy device 80x30
[    0.000374] printk: legacy console [tty0] enabled
[    0.001024] Calibrating delay loop (skipped), value calculated using timer frequency.. 24.00 BogoMIPS (lpj=120000)
[    0.001071] CPU: Testing write buffer coherency: ok
[    0.001167] CPU0: Spectre v2: using ICIALLU workaround
[    0.001193] CPU0: Spectre BHB: enabling loop workaround for all CPUs
[    0.001217] pid_max: default: 32768 minimum: 301
[    0.001494] Mount-cache hash table entries: 2048 (order: 1, 8192 bytes, linear)
[    0.001537] Mountpoint-cache hash table entries: 2048 (order: 1, 8192 bytes, linear)
[    0.002835] /cpus/cpu@0 missing clock-frequency property
[    0.002924] /cpus/cpu@1 missing clock-frequency property
[    0.002991] /cpus/cpu@2 missing clock-frequency property
[    0.003057] /cpus/cpu@3 missing clock-frequency property
[    0.003091] CPU0: thread -1, cpu 0, socket 0, mpidr 80000000
[    0.003185] cacheinfo: Unable to detect cache hierarchy for CPU 0
[    0.060113] Setting up static identity map for 0x80100000 - 0x801000ac
[    0.070116] rcu: Hierarchical SRCU implementation.
[    0.070141] rcu:     Max phase no-delay instances is 1000.
[    0.080250] Timer migration: 1 hierarchy levels; 8 children per group; 1 crossnode level
[    0.091731] Tegra Revision: A01 SKU: 39 CPU Process: 1 SoC Process: 1
[    0.100160] smp: Bringing up secondary CPUs ...
[    0.130751] CPU1: thread -1, cpu 1, socket 0, mpidr 80000001
[    0.130866] CPU1: Spectre v2: firmware did not set auxiliary control register IBE bit, system vulnerable
[    0.160805] CPU2: thread -1, cpu 2, socket 0, mpidr 80000002
[    0.160913] CPU2: Spectre v2: firmware did not set auxiliary control register IBE bit, system vulnerable
[    0.200696] CPU3: thread -1, cpu 3, socket 0, mpidr 80000003
[    0.200807] CPU3: Spectre v2: firmware did not set auxiliary control register IBE bit, system vulnerable
[    0.201032] smp: Brought up 1 node, 4 CPUs
[    0.201064] SMP: Total of 4 processors activated (96.00 BogoMIPS).
[    0.201093] CPU: All CPU(s) started in SVC mode.
[    0.202083] Memory: 938228K/1048576K available (14336K kernel code, 1756K rwdata, 4292K rodata, 1024K init, 309K bss, 41056K reserved, 65536K cma-reserved, 196608K highmem)
[    0.202810] devtmpfs: initialized
[    0.215665] VFP support v0.3: implementor 41 architecture 4 part 30 variant f rev 0
[    0.216388] clocksource: jiffies: mask: 0xffffffff max_cycles: 0xffffffff, max_idle_ns: 19112604462750000 ns
[    0.216439] posixtimers hash table entries: 2048 (order: 2, 16384 bytes, linear)
[    0.216490] futex hash table entries: 1024 (order: 4, 65536 bytes, linear)
[    0.217622] pinctrl core: initialized pinctrl subsystem
[    0.219462] NET: Registered PF_NETLINK/PF_ROUTE protocol family
[    0.221175] DMA: preallocated 256 KiB pool for atomic coherent allocations
[    0.222845] thermal_sys: Registered thermal governor 'step_wise'
[    0.222924] cpuidle: using governor menu
[    0.228757] /pinmux@70000868: Fixed dependency cycle(s) with /pinmux@70000868/pinmux
[    0.240982] No ATAGs?
[    0.241215] hw-breakpoint: found 5 (+1 reserved) breakpoint and 4 watchpoint registers.
[    0.241253] hw-breakpoint: maximum watchpoint size is 8 bytes.
[    0.245405] tegra-mc 70019000.memory-controller: no memory timings for RAM code 0 registered
[    0.246222] platform 50000000.host1x: Adding to iommu group 0
[    0.246383] platform 57000000.gpu: Adding to iommu group 1
[    0.252995] iommu: Default domain type: Translated
[    0.253032] iommu: DMA domain TLB invalidation policy: strict mode
[    0.254097] SCSI subsystem initialized
[    0.254745] usbcore: registered new interface driver usbfs
[    0.254832] usbcore: registered new interface driver hub
[    0.254907] usbcore: registered new device driver usb
[    0.255088] mc: Linux media interface: v0.10
[    0.255173] videodev: Linux video capture interface: v2.00
[    0.255250] pps_core: LinuxPPS API ver. 1 registered
[    0.255273] pps_core: Software ver. 5.3.6 - Copyright 2005-2007 Rodolfo Giometti <giometti@linux.it>
[    0.255319] PTP clock support registered
[    0.255935] Advanced Linux Sound Architecture Driver Initialized.
[    0.256854] Bluetooth: Core ver 2.22
[    0.256925] NET: Registered PF_BLUETOOTH protocol family
[    0.256949] Bluetooth: HCI device and connection manager initialized
[    0.256982] Bluetooth: HCI socket layer initialized
[    0.257008] Bluetooth: L2CAP socket layer initialized
[    0.257048] Bluetooth: SCO socket layer initialized
[    0.257780] nfc: nfc_init: NFC Core ver 0.1
[    0.257953] NET: Registered PF_NFC protocol family
[    0.258181] vgaarb: loaded
[    0.258613] clocksource: Switched to clocksource arch_sys_counter
[    0.272910] NET: Registered PF_INET protocol family
[    0.273463] IP idents hash table entries: 16384 (order: 5, 131072 bytes, linear)
[    0.275598] tcp_listen_portaddr_hash hash table entries: 512 (order: 0, 4096 bytes, linear)
[    0.275673] Table-perturb hash table entries: 65536 (order: 6, 262144 bytes, linear)
[    0.275801] TCP established hash table entries: 8192 (order: 3, 32768 bytes, linear)
[    0.275914] TCP bind hash table entries: 8192 (order: 5, 131072 bytes, linear)
[    0.276265] TCP: Hash tables configured (established 8192 bind 8192)
[    0.276451] UDP hash table entries: 512 (order: 2, 28672 bytes, linear)
[    0.276554] UDP-Lite hash table entries: 512 (order: 2, 28672 bytes, linear)
[    0.276843] NET: Registered PF_UNIX/PF_LOCAL protocol family
[    0.277595] RPC: Registered named UNIX socket transport module.
[    0.277628] RPC: Registered udp transport module.
[    0.277651] RPC: Registered tcp transport module.
[    0.277672] RPC: Registered tcp-with-tls transport module.
[    0.277693] RPC: Registered tcp NFSv4.1 backchannel transport module.
[    0.278952] PCI: CLS 0 bytes, default 64
[    0.280387] Initialise system trusted keyrings
[    0.281088] Unpacking initramfs...
[    0.288704] workingset: timestamp_bits=30 max_order=18 bucket_order=0
[    0.289307] squashfs: version 4.0 (2009/01/31) Phillip Lougher
[    0.299886] NFS: Registering the id_resolver key type
[    0.299966] Key type id_resolver registered
[    0.299989] Key type id_legacy registered
[    0.434304] Key type asymmetric registered
[    0.434368] Asymmetric key parser 'x509' registered
[    0.434643] bounce: pool size: 64 pages
[    0.434711] io scheduler mq-deadline registered
[    0.434740] io scheduler kyber registered
[    0.434794] io scheduler bfq registered
[    0.437598] gpio gpiochip0: Static allocation of GPIO base is deprecated, use dynamic allocation.
[    0.447577] tegra-apbdma 60020000.dma: Tegra20 APB DMA driver registered 32 channels
[    0.449870] Serial: 8250/16550 driver, 4 ports, IRQ sharing disabled
[    0.454459] 70006300.serial: ttyS0 at MMIO 0x70006300 (irq = 70, base_baud = 25500000) is a Tegra
[    0.454595] printk: legacy console [ttyS0] enabled
[    0.850855] Freeing initrd memory: 9032K
[    0.871836] platform 54200000.dc: Adding to iommu group 2
[    1.369354] platform 54240000.dc: Adding to iommu group 2
[    1.375084] platform 54340000.vic: Adding to iommu group 2
[    1.396923] loop: module loaded
[    1.401715] CAN device driver interface
[    1.403247] igb: Intel(R) Gigabit Ethernet Network Driver
[    1.408580] igb: Copyright (c) 2007-2014 Intel Corporation.
[    1.414446] pegasus: Pegasus/Pegasus II USB Ethernet driver
[    1.419775] usbcore: registered new interface driver pegasus
[    1.425368] usbcore: registered new interface driver asix
[    1.430826] usbcore: registered new interface driver ax88179_178a
[    1.436810] usbcore: registered new interface driver cdc_ether
[    1.442648] usbcore: registered new interface driver smsc75xx
[    1.448343] usbcore: registered new interface driver smsc95xx
[    1.454087] usbcore: registered new interface driver net1080
[    1.459717] usbcore: registered new interface driver cdc_subset
[    1.465579] usbcore: registered new interface driver zaurus
[    1.471176] usbcore: registered new interface driver cdc_ncm
[    1.476769] usbcore: registered new interface driver r8153_ecm
[    1.483320] usbcore: registered new interface driver cdc_acm
[    1.488142] cdc_acm: USB Abstract Control Model driver for USB modems and ISDN adapters
[    1.496236] usbcore: registered new interface driver cdc_wdm
[    1.501838] usbcore: registered new interface driver usb-storage
[    1.511275] tegra_rtc 7000e000.rtc: registered as rtc1
[    1.514073] tegra_rtc 7000e000.rtc: Tegra internal Real Time Clock
[    1.520555] i2c_dev: i2c /dev entries driver
[    1.528990] palmas 1-0058: Irq flag is 0x00000004
[    1.534495] palmas 1-0058: Muxing GPIO ff, PWM 0, LED 0
[    1.540120] /i2c@7000d000/pmic@58/pinmux: Fixed dependency cycle(s) with /i2c@7000d000/pmic@58/pinmux/pinmux
[    1.553471] /i2c@7000d000/pmic@58/pmic: Fixed dependency cycle(s) with /i2c@7000d000/pmic@58/pmic/regulators/smps9
[    1.561562] /i2c@7000d000/pmic@58/pmic: Fixed dependency cycle(s) with /i2c@7000d000/pmic@58/pmic/regulators/smps10_out2
[    1.572484] /i2c@7000d000/pmic@58/pmic: Fixed dependency cycle(s) with /i2c@7000d000/pmic@58/pmic/regulators/smps8
[    1.586010] gspca_main: v2.14.0 registered
[    1.587860] usbcore: registered new interface driver uvcvideo
[    1.596025] tegra-wdt 60005000.timer: initialized (heartbeat = 120 sec, nowayout = 0)
[    1.602459] device-mapper: ioctl: 4.49.0-ioctl (2025-01-17) initialised: dm-devel@lists.linux.dev
[    1.610448] Bluetooth: HCI UART driver ver 2.3
[    1.614806] Bluetooth: HCI UART protocol H4 registered
[    1.620110] Bluetooth: HCI UART protocol Broadcom registered
[    1.626865] sdhci: Secure Digital Host Controller Interface driver
[    1.631742] sdhci: Copyright(c) Pierre Ossman
[    1.636034] sdhci-pltfm: SDHCI platform and OF driver helper
[    1.642831] usbcore: registered new interface driver usbhid
[    1.647224] usbhid: USB HID core driver
[    1.662105] tegra-emc 7001b000.external-memory-controller: no memory timings for RAM code 0 found in DT
[    1.669228] tegra-emc 7001b000.external-memory-controller: 64bit DRAM bus
[    1.679672] tegra-emc 7001b000.external-memory-controller: OPP HW ver. 0x1, current clock rate 204 MHz
[    1.689605] hw perfevents: enabled with armv7_cortex_a15 PMU driver, 7 (8000003f) counters available
[    1.703712] NET: Registered PF_INET6 protocol family
[    1.708736] Segment Routing with IPv6
[    1.710176] In-situ OAM (IOAM) with IPv6
[    1.714112] mip6: Mobile IPv6
[    1.716945] sit: IPv6, IPv4 and MPLS over IPv4 tunneling driver
[    1.725393] NET: Registered PF_PACKET protocol family
[    1.728156] NET: Registered PF_KEY protocol family
[    1.732945] can: controller area network core
[    1.737315] NET: Registered PF_CAN protocol family
[    1.742035] can: raw protocol
[    1.744952] can: broadcast manager protocol
[    1.749156] can: netlink gateway - max_hops=1
[    1.753695] Bluetooth: RFCOMM socket layer initialized
[    1.758573] Bluetooth: RFCOMM ver 1.11
[    1.762294] Bluetooth: BNEP (Ethernet Emulation) ver 1.3
[    1.767574] Bluetooth: BNEP socket layer initialized
[    1.772549] Bluetooth: HIDP (Human Interface Emulation) ver 1.2
[    1.778406] Bluetooth: HIDP socket layer initialized
[    1.778453] vdd_rtc: Bringing 675000uV into 950000-950000uV
[    1.783710] Key type dns_resolver registered
[    1.793995] Registering SWP/SWPB emulation handler
[    1.819134] Loading compiled-in X.509 certificates
[    1.858923] tegra-xusb-padctl 7009f000.padctl: supply avdd-pll-utmip not found, using dummy regulator
[    1.866128] tegra-xusb-padctl 7009f000.padctl: supply avdd-pll-erefe not found, using dummy regulator
[    1.875188] tegra-xusb-padctl 7009f000.padctl: supply avdd-pex-pll not found, using dummy regulator
[    1.884198] tegra-xusb-padctl 7009f000.padctl: supply hvdd-pex-pll-e not found, using dummy regulator
[    1.897834] tegra-pmc 7000e400.pmc: emergency thermal reset enabled
[    1.943561] ci_hdrc ci_hdrc.0: EHCI Host Controller
[    1.946128] ci_hdrc ci_hdrc.0: new USB bus registered, assigned bus number 1
[    1.968648] ci_hdrc ci_hdrc.0: USB 2.0 started, EHCI 1.10
[    1.972911] hub 1-0:1.0: USB hub found
[    1.975479] hub 1-0:1.0: 1 port detected
[    1.989779] palmas-rtc 7000d000.i2c:pmic@58:rtc: registered as rtc0
[    1.994618] palmas-rtc 7000d000.i2c:pmic@58:rtc: setting system clock to 2000-01-01T00:00:00 UTC (946684800)
[    2.005423] cpufreq: cpufreq_online: CPU0: Running at unlisted initial frequency: 696000 kHz, changing to: 714000 kHz
[    2.014931] sdhci-tegra 700b0400.mmc: Got CD GPIO
[    2.025768] [drm] Initialized tegra 1.0.0 for drm on minor 0
[    2.030551] mmc1: Invalid maximum block size, assuming 512 bytes
[    2.035138] mmc0: Invalid maximum block size, assuming 512 bytes
[    2.071372] mmc0: SDHCI controller on 700b0600.mmc [700b0600.mmc] using ADMA 64-bit
[    2.079775] mmc1: SDHCI controller on 700b0400.mmc [700b0400.mmc] using ADMA 64-bit
[    2.117280] mmc1: host does not support reading read-only switch, assuming write-enable
[    2.122537] mmc1: new high speed SDHC card at address 0001
[    2.133239] mmcblk1: mmc1:0001 ASTC 3.72 GiB
[    2.135629] mmc0: new high speed MMC card at address 0001
[    2.136013] mmcblk0: mmc0:0001 SDW64G 58.2 GiB
[    2.137992] Alternate GPT is invalid, using primary GPT.
[    2.138024]  mmcblk0: p1 p2 p3 p4 p5 p6 p7 p8 p9 p10 p11 p12 p13 p14 p15 p16 p17 p18 p19 p20 p21 p22 p23 p24 p25 p26 p27 p28 p29
[    2.140732] mmcblk0boot0: mmc0:0001 SDW64G 4.00 MiB
[    2.141756] mmcblk0boot1: mmc0:0001 SDW64G 4.00 MiB
[    2.142688] mmcblk0rpmb: mmc0:0001 SDW64G 4.00 MiB, chardev (245:0)
[    2.145824] GPT:Primary header thinks Alt. header is not at the end of the disk.
[    2.145830] GPT:1546239 != 7806975
[    2.145834] GPT:Alternate GPT header not at the end of the disk.
[    2.145838] GPT:1546239 != 7806975
[    2.145841] GPT: Use GNU Parted to correct GPT errors.
[    2.145865]  mmcblk1: p1 p2
[    2.338840] tegra-dsi 54400000.dsi: MIPI calibration failed: -110
[    2.551822] Console: switching to colour frame buffer device 192x128
[    2.714326] drm drm: [drm] fb0: tegradrmfb frame buffer device
[    2.721924] input: extcon-keys as /devices/soc0/extcon-keys/input/input0
[    2.727491] input: gpio-keys as /devices/soc0/gpio-keys/input/input1
[    2.734365] cfg80211: Loading compiled-in X.509 certificates for regulatory database
[    2.751587] Loaded X.509 cert 'sforshee: 00b28ddf47aef9cea7'
[    2.755498] Loaded X.509 cert 'wens: 61c038651aabdcf94bd0ac7ff06c7248db18c600'
[    2.764788] clk: Disabling unused clocks
[    2.766725] PM: genpd: Disabling unused power domains
[    2.771977] ALSA device list:
[    2.774345] [    2.779049] Freeing unused kernel image (initmem) memory: 1024K
[    2.783240] Run /init as init process
mount: mounting configfs on /config failed: No such device
[    2.838991] syslogd started: BusyBox v1.37.0
[    2.844643] [pmOS-rd]:   ❬❬ PMOS STAGE 1 ❭❭
[    2.847327] [pmOS-rd]: initramfs version: 3.8.4-r0
[    2.852415] [pmOS-rd]:   ❬❬ PMOS STAGE 2 ❭❭
[    2.865357] [pmOS-rd]: Starting systemd-udevd version 257.6
[    3.537546] [pmOS-rd]: modprobe: FATAL: Module libcomposite not found in directory /lib/modules/6.15.1
[    3.556057] [pmOS-rd]: cat: can't open '/config/usb_gadget/g1/UDC': No such file or directory
[    3.602910] [pmOS-rd]:   Could not find an interface to run a dhcp server on
[    3.607942] [pmOS-rd]:   Interfaces:
[    3.611671] [pmOS-rd]: 1: lo: <LOOPBACK> mtu 65536 qdisc noop state DOWN qlen 1000
[    3.619444] [pmOS-rd]:     link/loopback 00:00:00:00:00:00 brd 00:00:00:00:00:00
[    3.626387] [pmOS-rd]: 2: dummy0: <BROADCAST,NOARP> mtu 1500 qdisc noop state DOWN qlen 1000
[    3.626420] [pmOS-rd]:     link/ether fa:b3:00:53:e0:09 brd ff:ff:ff:ff:ff:ff
[    3.626445] [pmOS-rd]: 3: sit0@NONE: <NOARP> mtu 1480 qdisc noop state DOWN qlen 1000
[    3.626467] [pmOS-rd]:     link/sit 0.0.0.0 brd 0.0.0.0
[    3.626488] [pmOS-rd]: 4: ip6tnl0@NONE: <NOARP> mtu 1452 qdisc noop state DOWN qlen 1000
[    3.626514] [pmOS-rd]:     link/tunnel6 00:00:00:00:00:00:00:00:00:00:00:00:00:00:00:00 brd 00:00:00:00:00:00:00:00:00:00:00:00:00:00:00:00
[    3.626538] [pmOS-rd]: Setting framebuffer mode to: U:1536x2048p-0
[    4.805325] [pmOS-rd]: Trying to mount subpartitions for 10 seconds...
[    5.330032] [pmOS-rd]: Unable to resize root partition: failed to find qualifying partition
[    5.370483] [pmOS-rd]: Auto-repair and check 'ext' filesystem (/dev/mmcblk1p2)
[    5.389921] [pmOS-rd]: pmOS_root: clean, 8860/32768 files, 367069/522240 blocks
[    5.607613] [pmOS-rd]: Resize 'ext4' root filesystem (/dev/mmcblk1p2)
[    5.618278] [pmOS-rd]: resize2fs 1.47.2 (1-Jan-2025)
[    5.622518] [pmOS-rd]: The filesystem is already 522240 (1k) blocks long.  Nothing to do!
[    5.641958] [pmOS-rd]: Mount root partition (/dev/mmcblk1p2) to /sysroot (read-write) with options defaults
[    5.910512] EXT4-fs (mmcblk1p2): mounted filesystem f6ce1f48-1bf1-4ec6-a2a6-0b61b809eda4 r/w with ordered data mode. Quota mode: disabled.
[    5.950175] [pmOS-rd]: Switching root
[    6.116055] syslogd exiting
failed to load SVG font, can't render messages
  font_path: /usr/share/pbsplash/OpenSans-Regular.svg
msg: Starting...

bottom_message: edge | Linux 6.15.1 | xiaomi-mocha
[    6.599050] systemd[1]: System time advanced to built-in epoch: Sun 2025-06-15 02:30:35 UTC
[    6.728421] systemd[1]: Failed to find module 'autofs4'
[    6.795998] systemd[1]: systemd 257.6 running in system mode (+PAM +AUDIT -SELINUX +APPARMOR +IMA +IPE +SMACK +SECCOMP +GCRYPT +GNUTLS +OPENSSL +ACL +BLKID -CURL +ELFUTILS +FIDO2 +IDN2 -IDN -IPTC +KMOD +LIBCRYPTSETUP +LIBCRYPTSETUP_PLUGINS +LIBFDISK +PCRE2 -PWQUALITY +P11KIT +QRENCODE -TPM2 +BZIP2 +LZ4 +XZ +ZLIB +ZSTD -BPF_FRAMEWORK -BTF +XKBCOMMON -UTMP -SYSVINIT -LIBARCHIVE)
[    6.796045] systemd[1]: Detected architecture arm.
[    6.796353] systemd[1]: Detected first boot.

Welcome to postmarketOS edge!

[    6.871844] systemd[1]: Hostname set to <xiaomi-mocha>.
[    6.875175] systemd[1]: Initializing machine ID from random generator.
[    8.256863] systemd[1]: Populated /etc with preset unit settings.
[    8.824846] systemd[1]: Queued start job for default target Graphical Interface.
[    8.850167] systemd[1]: Created slice Slice /system/getty.
[  OK  ] Created slice Slice /system/getty.
[    8.865378] systemd[1]: Created slice Slice /system/modprobe.
[  OK  ] Created slice Slice /system/modprobe.
[    8.898679] systemd[1]: Created slice Slice /system/serial-getty.
[  OK  ] Created slice Slice /system/serial-getty.
[    8.931688] systemd[1]: Created slice User and Session Slice.
[  OK  ] Created slice User and Session Slice.
[    8.963959] systemd[1]: Started Dispatch Password Requests to Console Directory Watch.
[  OK  ] Started Dispatch Password Requests to Console Directory Watch.
[    8.999518] systemd[1]: Started Forward Password Requests to Wall Directory Watch.
[  OK  ] Started Forward Password Requests to Wall Directory Watch.
[    9.032033] systemd[1]: Arbitrary Executable File Formats File System Automount Point was skipped because of an unmet condition check (ConditionPathExists=/proc/sys/fs/binfmt_misc).
[    9.032172] systemd[1]: Expecting device /dev/disk/by-uuid/e6658045-714a-4d73-8df3-ea06d7a3a371...
         Expecting device /dev/disk/by-uuid…8045-714a-4d73-8df3-ea06d7a3a371...
[    9.082644] systemd[1]: Expecting device /dev/ttyS0...
         Expecting device /dev/ttyS0...
[    9.112786] systemd[1]: Reached target Local Encrypted Volumes.
[  OK  ] Reached target Local Encrypted Volumes.
[    9.146786] systemd[1]: Reached target Local Integrity Protected Volumes.
[  OK  ] Reached target Local Integrity Protected Volumes.
[    9.181500] systemd[1]: Reached target Path Units.
[  OK  ] Reached target Path Units.
[    9.212423] systemd[1]: Reached target Remote Encrypted Volumes.
[  OK  ] Reached target Remote Encrypted Volumes.
[    9.246736] systemd[1]: Reached target Remote File Systems.
[  OK  ] Reached target Remote File Systems.
[    9.279241] systemd[1]: Reached target Slice Units.
[  OK  ] Reached target Slice Units.
[    9.312570] systemd[1]: Reached target Local Verity Protected Volumes.
[  OK  ] Reached target Local Verity Protected Volumes.
[    9.355856] systemd[1]: Listening on Process Core Dump Socket.
[  OK  ] Listening on Process Core Dump Socket.
[    9.386449] systemd[1]: Listening on Credential Encryption/Decryption.
[  OK  ] Listening on Credential Encryption/Decryption.
[    9.414639] systemd[1]: Listening on Journal Socket (/dev/log).
[  OK  ] Listening on Journal Socket (/dev/log).
[    9.447420] systemd[1]: Listening on Journal Sockets.
[  OK  ] Listening on Journal Sockets.
[    9.479888] systemd[1]: Listening on DDI File System Mounter Socket.
[  OK  ] Listening on DDI File System Mounter Socket.
[    9.514238] systemd[1]: Listening on Namespace Resource Manager Socket.
[  OK  ] Listening on Namespace Resource Manager Socket.
[    9.547482] systemd[1]: Userspace Out-Of-Memory (OOM) Killer Socket was skipped because of an unmet condition check (ConditionControlGroupController=memory).
[    9.548084] systemd[1]: Listening on udev Control Socket.
[  OK  ] Listening on udev Control Socket.
[    9.593715] systemd[1]: Listening on udev Kernel Socket.
[  OK  ] Listening on udev Kernel Socket.
[    9.629565] systemd[1]: Huge Pages File System was skipped because of an unmet condition check (ConditionPathExists=/sys/kernel/mm/hugepages).
[    9.629944] systemd[1]: POSIX Message Queue File System was skipped because of an unmet condition check (ConditionPathExists=/proc/sys/fs/mqueue).
[    9.709468] systemd[1]: Mounting Kernel Debug File System...
         Mounting Kernel Debug File System...
[    9.750155] systemd[1]: Mounting Kernel Trace File System...
         Mounting Kernel Trace File System...
[    9.780220] systemd[1]: Create List of Static Device Nodes was skipped because of an unmet condition check (ConditionFileNotEmpty=/lib/modules/6.15.1/modules.devname).
[    9.784584] systemd[1]: Starting Load Kernel Module configfs...
         Starting Load Kernel Module configfs...
[    9.864346] systemd[1]: Starting Load Kernel Module dm_mod...
         Starting Load Kernel Module dm_mod...
[    9.931085] systemd[1]: Starting Load Kernel Module drm...
         Starting Load Kernel Module drm...
[    9.997374] systemd[1]: Starting Load Kernel Module efi_pstore...
         Starting Load Kernel Module efi_pstore...
[   10.063599] systemd[1]: Starting Load Kernel Module fuse...
         Starting Load Kernel Module fuse...
[   10.131062] systemd[1]: Starting Load Kernel Module loop...
         Starting Load Kernel Module loop...
[   10.197621] systemd[1]: Starting Load Kernel Module zram...
         Starting Load Kernel Module zram...
[   10.259626] systemd[1]: Clear Stale Hibernate Storage Info was skipped because of an unmet condition check (ConditionPathExists=/sys/firmware/efi/efivars/HibernateLocation-8cf2644b-4b0b-428f-9387-6d876050dc67).
[   10.260751] systemd[1]: systemd-journald.service: unit configures an IP firewall, but the local system does not support BPF/cgroup firewalling.
[   10.260761] systemd[1]: systemd-journald.service: (This warning is only shown for the first unit using IP firewalling.)
[   10.265170] systemd[1]: Starting Journal Service...
         Starting Journal Service...
[   10.365202] systemd[1]: Load Kernel Modules was skipped because no trigger condition checks were met.
[   10.365551] systemd[1]: Userspace Out-Of-Memory (OOM) Killer was skipped because of an unmet condition check (ConditionControlGroupController=memory).
[   10.368830] systemd[1]: Starting Remount Root and Kernel File Systems...
         Starting Remount Root and Kernel File Systems...
[   10.448733] systemd[1]: Starting Apply Kernel Variables...
[   10.507078] systemd-journald[266]: Collecting audit messages is disabled.
         Starting Apply Kernel Variables...
[   10.519270] systemd[1]: Starting Create Static Device Nodes in /dev gracefully...
         Starting Create Static Device Nodes in /dev gracefully...
[   10.554541] systemd[1]: Starting Load udev Rules from Credentials...
         Starting Load udev Rules from Credentials...
[   10.585900] systemd[1]: Starting Coldplug All udev Devices...
[   10.607843] EXT4-fs (mmcblk1p2): re-mounted f6ce1f48-1bf1-4ec6-a2a6-0b61b809eda4.
         Starting Coldplug All udev Devices...
[   10.646095] systemd[1]: Starting swap with zram...
         Starting swap with zram...
[   10.689817] systemd[1]: Started Journal Service.
[  OK  ] Started Journal Service.
[  OK  ] Mounted Kernel Debug File System.
[  OK  ] Mounted Kernel Trace File System.
[  OK  ] Finished Load Kernel Module configfs.
[  OK  ] Finished Load Kernel Module dm_mod.
[  OK  ] Finished Load Kernel Module drm.
[  OK  ] Finished Load Kernel Module efi_pstore.
[  OK  ] Finished Load Kernel Module fuse.
[  OK  ] Finished Load Kernel Module loop.
[  OK  ] Finished Load Kernel Module zram.
[  OK  ] Finished Remount Root and Kernel File Systems.
[  OK  ] Finished Apply Kernel Variables.
[  OK  ] Finished Create Static Device Nodes in /dev gracefully.
[  OK  ] Finished Load udev Rules from Credentials.
[  OK  ] Finished Coldplug All udev Devices.
         Starting Rebuild Hardware Database...
         Starting Flush Journal to Persistent Storage...
[   11.503442] systemd-journald[266]: Received client request to flush runtime journal.
         Starting Load/Save OS Random Seed...
         Starting Create System Users...
[  OK  ] Finished Flush Journal to Persistent Storage.
[  OK  ] Finished Create System Users.
         Starting Network Time Synchronization...
         Starting Create Static Device Nodes in /dev...
[  OK  ] Started Network Time Synchronization.
[  OK  ] Finished Create Static Device Nodes in /dev.
[  OK  ] Reached target Preparation for Local File Systems.
[  OK  ] Reached target System Time Set.
[  OK  ] Reached target Containers.
[FAILED] Failed to start swap with zram.
See 'systemctl status zram_swap.service' for details.
[  OK  ] Reached target Swaps.
         Mounting Temporary Directory /tmp...
[  OK  ] Mounted Temporary Directory /tmp.
[  OK  ] Finished Rebuild Hardware Database.
         Starting Rule-based Manager for Device Events and Files...
[   16.808690] random: crng init done
[  OK  ] Finished Load/Save OS Random Seed.
[  OK  ] Started Rule-based Manager for Device Events and Files.
[  OK  ] Found device /dev/ttyS0.
[   17.617073] tegra_soctherm 700e2000.thermal-sensor: thermtrip: will shut down when cpu reaches 103000 mC
[   17.617103] tegra_soctherm 700e2000.thermal-sensor: throttrip: will throttle when cpu reaches 103000 mC
[   17.635308] tegra_soctherm 700e2000.thermal-sensor: thermtrip: will shut down when gpu reaches 101000 mC
[   17.635335] tegra_soctherm 700e2000.thermal-sensor: throttrip: will throttle when gpu reaches 101000 mC
[   17.643355] tegra_soctherm 700e2000.thermal-sensor: thermtrip: will shut down when pll reaches 103000 mC
[   17.643774] tegra_soctherm 700e2000.thermal-sensor: thermtrip: will shut down when mem reaches 103000 mC
[  OK  ] Found device /dev/disk/by-uuid/e6658045-714a-4d73-8df3-ea06d7a3a371.
[  OK  ] Created slice Slice /system/systemd-backlight.
[  OK  ] Listening on Load/Save RF Kill Switch Status /dev/rfkill Watch.
         Mounting /boot...
         Starting Load/Save Screen Backligh…tness of backlight:lcd-backlight...
         Starting Virtual Console Setup...
[  OK  ] Mounted /boot.
[  OK  ] Finished Load/Save Screen Backligh…ghtness of backlight:lcd-backlight.
[  OK  ] Finished Virtual Console Setup.
[  OK  ] Reached target Local File Systems.
[  OK  ] Listening on System Extension Image Management.
         Starting Create System Files and Directories...
[  OK  ] Finished Create System Files and Directories.
         Starting First Boot Wizard...
         Starting Rebuild Journal Catalog...
[  OK  ] Finished Rebuild Journal Catalog.
[  OK  ] Finished First Boot Wizard.
[  OK  ] Reached target First Boot Complete.
         Starting Save Transient machine-id to Disk...
         Starting Update is Completed...
[  OK  ] Finished Update is Completed.
[  OK  ] Reached target System Initialization.
[  OK  ] Started Daily Cleanup of Temporary Directories.
[  OK  ] Reached target Timer Units.
[  OK  ] Listening on D-Bus System Message Bus Socket.
[  OK  ] Listening on Hostname Service Socket.
[  OK  ] Reached target Socket Units.
[  OK  ] Reached target Basic System.
         Starting D-Bus System Message Bus...
         Starting Stop pbsplash...
         Starting nftables firewall used on pmOS...
         Starting RealtimeKit Scheduling Policy Service...
[  OK  ] Started Sleep Inhibitor Service.
         Starting SSH Key Generation...
         Starting User Login Management...
[  OK  ] Finished Stop pbsplash.
[  OK  ] Started User Login Management.
[FAILED] Failed to start nftables firewall used on pmOS.
See 'systemctl status nftables.service' for details.
[  OK  ] Reached target Preparation for Network.
[  OK  ] Finished Save Transient machine-id to Disk.
[  OK  ] Started D-Bus System Message Bus.
         Starting Network Manager...
         Starting WPA supplicant...
[  OK  ] Started RealtimeKit Scheduling Policy Service.
[  OK  ] Started WPA supplicant.
         Starting Hostname Service...
[  OK  ] Started Hostname Service.
         Starting Network Manager Script Dispatcher Service...
[  OK  ] Started Network Manager.
[  OK  ] Reached target Network.
         Starting Permit User Sessions...
[  OK  ] Started Network Manager Script Dispatcher Service.
[  OK  ] Finished Permit User Sessions.
[  OK  ] Started Getty on tty1.
[  OK  ] Started Serial Getty on ttyS0.
[  OK  ] Reached target Login Prompts.
[  OK  ] Finished SSH Key Generation.
[  OK  ] Started OpenSSH Daemon.
[  OK  ] Reached target Multi-User System.
[  OK  ] Reached target Graphical Interface.

Welcome to postmarketOS
Kernel 6.15.1 on an armv7l (ttyS0)
xiaomi-mocha login:
